// Jest Snapshot v1, https://goo.gl/fbAQLP

exports[`Priuebas en <HomeScreen/> debe de mostrarse correctamente 1`] = `
<div>
  <h1>
    HomeScreen
  </h1>
  <hr />
  <pre>
    {
   "name": "Andres",
   "email": "aevega1991@gmail.com"
}
  </pre>
</div>
`;
