// Jest Snapshot v1, https://goo.gl/fbAQLP

exports[`Pruebas de HookApp Debe mostrar el snapshot del componente correctamente 1`] = `
<div>
  <h1>
    Hola mundo
  </h1>
</div>
`;
